<html>
<body>
<pre>
<h1>µVision Build Log</h1>
<h2>Tool Versions:</h2>
IDE-Version: µVision V5.23.0.0
Copyright (C) 2017 ARM Ltd and ARM Germany GmbH. All rights reserved.
License Information: fga dfgh, dcghi, LIC=1WS63-ASI7F-77WRP-MNCCK-27WGA-E9RDX
 
Tool Versions:
Toolchain:       MDK-ARM Professional  Version: 5.23
Toolchain Path:  C:\Keil_v5\ARM\ARMCC\Bin
C Compiler:      Armcc.exe V5.06 update 4 (build 422)
Assembler:       Armasm.exe V5.06 update 4 (build 422)
Linker/Locator:  ArmLink.exe V5.06 update 4 (build 422)
Library Manager: ArmAr.exe V5.06 update 4 (build 422)
Hex Converter:   FromElf.exe V5.06 update 4 (build 422)
CPU DLL:         SARMCM3.DLL V5.23
Dialog DLL:      DCM.DLL V1.15.0.0
Target DLL:      Segger\JL2CM3.dll V2.99.23.0
Dialog DLL:      TCM.DLL V1.27.0.0
 
<h2>Project:</h2>
C:\Users\Drawing\Desktop\stm projects\dish_washer\MDK-ARM\dish_washer.uvprojx
Project File Date:  08/03/2021

<h2>Output:</h2>
*** Using Compiler 'V5.06 update 4 (build 422)', folder: 'C:\Keil_v5\ARM\ARMCC\Bin'
Build target 'dish_washer'
compiling main.c...
../Core/Src/main.c(658): warning:  #111-D: statement is unreachable
        break;
../Core/Src/main.c(661): warning:  #111-D: statement is unreachable
        break;
../Core/Src/main.c(664): warning:  #111-D: statement is unreachable
        break;
../Core/Src/main.c(667): warning:  #111-D: statement is unreachable
        break;
../Core/Src/main.c(670): warning:  #111-D: statement is unreachable
        break;
../Core/Src/main.c(673): warning:  #111-D: statement is unreachable
        break;
../Core/Src/main.c(676): warning:  #111-D: statement is unreachable
        break;
../Core/Src/main.c(679): warning:  #111-D: statement is unreachable
        break;
../Core/Src/main.c(682): warning:  #111-D: statement is unreachable
        break;
../Core/Src/main.c(685): warning:  #111-D: statement is unreachable
        break;
../Core/Src/main.c(688): warning:  #111-D: statement is unreachable
        break;
../Core/Src/main.c(691): warning:  #940-D: missing return statement at end of non-void function "test_fcn" 
  }
../Core/Src/main.c(721): warning:  #550-D: variable "ans"  was set but never used
  	int ans=0;
../Core/Src/main.c(2774): warning:  #188-D: enumerated type mixed with another type
    HAL_GPIO_WritePin(
uzzer_GPIO_Port,
uzzer_Pin,GPIO_PIN_SET && debug);
../Core/Src/main.c: 14 warnings, 0 errors
linking...
Program Size: Code=20968 RO-data=292 RW-data=184 ZI-data=1840  
FromELF: creating hex file...
"dish_washer\dish_washer.axf" - 0 Error(s), 14 Warning(s).

<h2>Software Packages used:</h2>

Package Vendor: ARM
                http://www.keil.com/pack/ARM.CMSIS.5.0.1.pack
                ARM::CMSIS:CORE:5.0.1
                CMSIS (Cortex Microcontroller Software Interface Standard)
   * Component: CORE Version: 5.0.1

<h2>Collection of Component include folders:</h2>
  .\RTE\_dish_washer
  C:\Keil_v5\ARM\PACK\ARM\CMSIS\5.0.1\CMSIS\Include
  C:\Keil_v5\ARM\PACK\Keil\STM32F1xx_DFP\2.2.0\Device\Include

<h2>Collection of Component Files used:</h2>

   * Component: ARM::CMSIS:CORE:5.0.1
Build Time Elapsed:  00:00:02
</pre>
</body>
</html>
